// Jest Snapshot v1, https://goo.gl/fbAQLP

exports[`should test if DashboardPage renders correctly 1`] = `
<div>
  Dashboard page content
</div>
`;
